../Core/Src/ili9341.c:10:13:ILI9341_Select	8	static
../Core/Src/ili9341.c:15:13:ILI9341_Unselect	8	static
../Core/Src/ili9341.c:20:13:ILI9341_Reset	8	static
../Core/Src/ili9341.c:29:13:ILI9341_WriteCommand	16	static
../Core/Src/ili9341.c:42:13:ILI9341_WriteData	16	static
../Core/Src/ili9341.c:55:13:ILI9341_WriteByte	16	static
../Core/Src/ili9341.c:60:13:ILI9341_SetAddressWindow	32	static
../Core/Src/ili9341.c:92:6:ILI9341_Init	8	static
../Core/Src/ili9341.c:228:6:ILI9341_FillScreen	24	static
../Core/Src/ili9341.c:246:6:ILI9341_DrawImageUpscaled2x	512	static
../Core/Src/ili9341.c:281:6:ILI9341_DrawChar	56	static
../Core/Src/ili9341.c:321:6:ILI9341_DrawString	48	static
