../Core/Src/main.c:164:13:DrawMenuArrow	32	static
../Core/Src/main.c:177:13:RenderMenuScreen	24	static
../Core/Src/main.c:194:13:RenderPlaceholderScreen	24	static
../Core/Src/main.c:206:13:DrawWrappedText	112	static
../Core/Src/main.c:244:13:RenderAboutScreen	24	static
../Core/Src/main.c:258:13:SendUartCommand	16	static
../Core/Src/main.c:263:13:DrawAppsArrow	32	static
../Core/Src/main.c:270:13:RenderApplicationsScreen	24	static
../Core/Src/main.c:290:13:RenderCurrentScreen	8	static
../Core/Src/main.c:341:13:ParseUartLine	16	static
../Core/Src/main.c:356:13:UpdateComputerValues	40	static
../Core/Src/main.c:367:13:RenderComputerScreen	16	static
../Core/Src/main.c:381:5:main	16	static
../Core/Src/main.c:533:6:SystemClock_Config	88	static
../Core/Src/main.c:581:13:MX_SPI1_Init	8	static
../Core/Src/main.c:619:13:MX_USART2_UART_Init	8	static
../Core/Src/main.c:652:13:MX_GPIO_Init	48	static
../Core/Src/main.c:719:6:HAL_GPIO_EXTI_Callback	16	static
../Core/Src/main.c:731:6:HAL_UART_RxCpltCallback	16	static
../Core/Src/main.c:757:6:Error_Handler	4	static,ignoring_inline_asm
