../Core/Src/main.c:143:13:DrawMenuArrow	2
../Core/Src/main.c:156:13:RenderMenuScreen	2
../Core/Src/main.c:173:13:RenderPlaceholderScreen	1
../Core/Src/main.c:185:13:DrawWrappedText	9
../Core/Src/main.c:223:13:RenderAboutScreen	1
../Core/Src/main.c:240:13:RenderCurrentScreen	11
../Core/Src/main.c:282:13:ParseUartLine	3
../Core/Src/main.c:297:13:UpdateComputerValues	1
../Core/Src/main.c:308:13:RenderComputerScreen	1
../Core/Src/main.c:322:5:main	12
../Core/Src/main.c:444:6:SystemClock_Config	3
../Core/Src/main.c:492:13:MX_SPI1_Init	2
../Core/Src/main.c:530:13:MX_USART2_UART_Init	2
../Core/Src/main.c:563:13:MX_GPIO_Init	1
../Core/Src/main.c:630:6:HAL_GPIO_EXTI_Callback	3
../Core/Src/main.c:642:6:HAL_UART_RxCpltCallback	5
../Core/Src/main.c:668:6:Error_Handler	1
