../Core/Src/main.c:117:13:DrawMenuArrow	32	static
../Core/Src/main.c:130:13:RenderMenuScreen	24	static
../Core/Src/main.c:147:13:RenderPlaceholderScreen	24	static
../Core/Src/main.c:159:13:DrawWrappedText	112	static
../Core/Src/main.c:197:13:RenderAboutScreen	24	static
../Core/Src/main.c:214:13:RenderCurrentScreen	8	static
../Core/Src/main.c:255:5:main	16	static
../Core/Src/main.c:368:6:SystemClock_Config	88	static
../Core/Src/main.c:416:13:MX_SPI1_Init	8	static
../Core/Src/main.c:454:13:MX_GPIO_Init	48	static
../Core/Src/main.c:529:6:HAL_GPIO_EXTI_Callback	16	static
../Core/Src/main.c:547:6:Error_Handler	4	static,ignoring_inline_asm
