../Core/Src/main.c:173:13:DrawMenuArrow	2
../Core/Src/main.c:186:13:RenderMenuScreen	2
../Core/Src/main.c:203:13:RenderPlaceholderScreen	1
../Core/Src/main.c:215:13:DrawWrappedText	9
../Core/Src/main.c:253:13:RenderAboutScreen	1
../Core/Src/main.c:267:13:SendUartCommand	1
../Core/Src/main.c:272:13:DrawAppsArrow	2
../Core/Src/main.c:279:13:RenderApplicationsScreen	2
../Core/Src/main.c:299:13:RenderCurrentScreen	13
../Core/Src/main.c:350:13:ParseUartLine	3
../Core/Src/main.c:365:13:UpdateComputerValues	1
../Core/Src/main.c:376:13:RenderComputerScreen	1
../Core/Src/main.c:386:13:RenderEnvironmentScreen	3
../Core/Src/main.c:482:5:main	17
../Core/Src/main.c:641:6:SystemClock_Config	3
../Core/Src/main.c:689:13:MX_I2C1_Init	2
../Core/Src/main.c:723:13:MX_SPI1_Init	2
../Core/Src/main.c:761:13:MX_USART2_UART_Init	2
../Core/Src/main.c:794:13:MX_GPIO_Init	1
../Core/Src/main.c:861:6:HAL_GPIO_EXTI_Callback	3
../Core/Src/main.c:873:6:HAL_UART_RxCpltCallback	5
../Core/Src/main.c:899:6:Error_Handler	1
